Device: SS-SW (10.0.251.63)
Date: 2025-06-18 12:01:28
--------------------------------------------------

Command: show ip interface brief
------------------------------
Interface              IP-Address      OK? Method Status                Protocol
Vlan1                  unassigned      YES DHCP   administratively down down    
Vlan10                 10.10.0.1       YES NVRAM  up                    up      
Vlan251                10.0.251.25     YES NVRAM  up                    up      
Vlan2000               10.12.227.2     YES NVRAM  up                    up      
Vlan2001               10.12.227.6     YES NVRAM  up                    up      
Vlan2002               10.12.227.10    YES NVRAM  up                    up      
GigabitEthernet0/0     unassigned      YES NVRAM  down                  down    
GigabitEthernet1/0/1   unassigned      YES unset  up                    up      
GigabitEthernet1/0/2   unassigned      YES unset  down                  down    
GigabitEthernet1/0/3   unassigned      YES unset  up                    up      
GigabitEthernet1/0/4   unassigned      YES unset  down                  down    
GigabitEthernet1/0/5   unassigned      YES unset  down                  down    
GigabitEthernet1/0/6   unassigned      YES unset  down                  down    
GigabitEthernet1/0/7   unassigned      YES unset  down                  down    
GigabitEthernet1/0/8   unassigned      YES unset  down                  down    
GigabitEthernet1/0/9   unassigned      YES unset  down                  down    
GigabitEthernet1/0/10  unassigned      YES unset  down                  down    
GigabitEthernet1/0/11  unassigned      YES unset  down                  down    
GigabitEthernet1/0/12  unassigned      YES unset  down                  down    
GigabitEthernet1/0/13  unassigned      YES unset  down                  down    
GigabitEthernet1/0/14  unassigned      YES unset  down                  down    
GigabitEthernet1/0/15  unassigned      YES unset  down                  down    
GigabitEthernet1/0/16  unassigned      YES unset  down                  down    
GigabitEthernet1/0/17  unassigned      YES unset  down                  down    
GigabitEthernet1/0/18  unassigned      YES unset  down                  down    
GigabitEthernet1/0/19  unassigned      YES unset  down                  down    
GigabitEthernet1/0/20  unassigned      YES unset  down                  down    
GigabitEthernet1/0/21  unassigned      YES unset  down                  down    
GigabitEthernet1/0/22  unassigned      YES unset  down                  down    
GigabitEthernet1/0/23  unassigned      YES unset  down                  down    
GigabitEthernet1/0/24  unassigned      YES unset  down                  down    
GigabitEthernet1/1/1   unassigned      YES unset  down                  down    
GigabitEthernet1/1/2   unassigned      YES unset  down                  down    
GigabitEthernet1/1/3   unassigned      YES unset  down                  down    
GigabitEthernet1/1/4   unassigned      YES unset  down                  down    
Te1/1/1                unassigned      YES unset  down                  down    
Te1/1/2                unassigned      YES unset  down                  down    
Te1/1/3                unassigned      YES unset  down                  down    
Te1/1/4                unassigned      YES unset  down                  down    
Te1/1/5                unassigned      YES unset  down                  down    
Te1/1/6                unassigned      YES unset  down                  down    
Te1/1/7                unassigned      YES unset  down                  down    
Te1/1/8                unassigned      YES unset  down                  down    
Fo1/1/1                unassigned      YES unset  down                  down    
Fo1/1/2                unassigned      YES unset  down                  down    
TwentyFiveGigE1/1/1    unassigned      YES unset  down                  down    
TwentyFiveGigE1/1/2    unassigned      YES unset  down                  down    
Ap1/0/1                unassigned      YES unset  up                    up      
Loopback0              10.12.231.254   YES NVRAM  up                    up      

==================================================

